﻿
> vite_react_shadcn_ts@0.0.0 build
> vite build

[36mvite v6.4.1 [32mbuilding for production...[36m[39m
transforming...
[32mÔ£ô[39m 22 modules transformed.
npm : [31mÔ£ù[39m Build failed in 1.44s
At line:1 char:1
+ npm run build > build_output.txt 2>&1
+ ~~~~~~~~~~~~~~~~~~~~~~~~~~~~~~~~~~~~~
    + CategoryInfo          : NotSpecified: ([31mÔ£ù[39m Build failed in 1.44s:String) [], RemoteException
    + FullyQualifiedErrorId : NativeCommandError
 
[31merror during build:
[31m[vite:esbuild] Transform failed with 4 errors:
C:/Users/LENOVO/Downloads/website-ui-recreation/framer-studio-clone/src/pages/StudentDashboard.tsx:494:0: ERROR: The 
character "}" is not valid inside a JSX element
C:/Users/LENOVO/Downloads/website-ui-recreation/framer-studio-clone/src/pages/StudentDashboard.tsx:496:24: ERROR: The 
character ">" is not valid inside a JSX element
C:/Users/LENOVO/Downloads/website-ui-recreation/framer-studio-clone/src/pages/StudentDashboard.tsx:553:21: ERROR: The 
character ">" is not valid inside a JSX element
C:/Users/LENOVO/Downloads/website-ui-recreation/framer-studio-clone/src/pages/StudentDashboard.tsx:554:2: ERROR: 
Unexpected "const"[31m
file: 
[36mC:/Users/LENOVO/Downloads/website-ui-recreation/framer-studio-clone/src/pages/StudentDashboard.tsx:494:0[31m
[33m
[33mThe character "}" is not valid inside a JSX element[33m
492|      </div>
493|    );
494|  };
   |  ^
495|  
496|  const Leaderboard = () => (

[33mThe character ">" is not valid inside a JSX element[33m
494|  };
495|  
496|  const Leaderboard = () => (
   |                          ^
497|    <div className="space-y-6 animate-in fade-in slide-in-from-bottom-4 duration-700">
498|      <div className="flex flex-col md:flex-row gap-8 mb-8">

[33mThe character ">" is not valid inside a JSX element[33m
551|  );
552|  
553|  const AIMentor = () => {
   |                       ^
554|    const [messages, setMessages] = useState([
555|      { role: 'ai', content: "Hello Alex! I am your Buildicy AI Mentor. I've analyzed your Week 2 assignment on 
React Hooks. You did a great job with `useEffect`, but I noticed a potential memory leak. Need help optimizing it?" }

[33mUnexpected "const"[33m
552|  
553|  const AIMentor = () => {
554|    const [messages, setMessages] = useState([
   |    ^
555|      { role: 'ai', content: "Hello Alex! I am your Buildicy AI Mentor. I've analyzed your Week 2 assignment on 
React Hooks. You did a great job with `useEffect`, but I noticed a potential memory leak. Need help optimizing it?" }
556|    ]);
[31m
    at failureErrorWithLog 
(C:\Users\LENOVO\Downloads\website-ui-recreation\framer-studio-clone\node_modules\esbuild\lib\main.js:1467:15)
    at C:\Users\LENOVO\Downloads\website-ui-recreation\framer-studio-clone\node_modules\esbuild\lib\main.js:736:50
    at responseCallbacks.<computed> 
(C:\Users\LENOVO\Downloads\website-ui-recreation\framer-studio-clone\node_modules\esbuild\lib\main.js:603:9)
    at handleIncomingPacket 
(C:\Users\LENOVO\Downloads\website-ui-recreation\framer-studio-clone\node_modules\esbuild\lib\main.js:658:12)
    at Socket.readFromStdout 
(C:\Users\LENOVO\Downloads\website-ui-recreation\framer-studio-clone\node_modules\esbuild\lib\main.js:581:7)
    at Socket.emit (node:events:517:28)
    at addChunk (node:internal/streams/readable:368:12)
    at readableAddChunk (node:internal/streams/readable:341:9)
    at Readable.push (node:internal/streams/readable:278:10)
    at Pipe.onStreamRead (node:internal/stream_base_commons:190:23)[39m
